---
source: src/simulation.rs
expression: "to_game_of_life_output(&ctx.grid, 3)"
---
░░░
░░░
███
░░░
░░░
